[warning] build.bin is deprecated; set build.entrypoint instead

  __    _   ___  
 / /\  | | | |_) 
/_/--\ |_| |_| \_ v1.65.1, built with Go go1.26.2

mkdir /Users/shooh/repository/gadget-linktree-api/tmp
watching .
watching cmd
watching cmd/api
watching internal
watching internal/domain
watching internal/domain/model
watching internal/domain/repository
watching internal/infrastructure
watching internal/infrastructure/persistence
watching internal/infrastructure/sqlite
watching internal/interface
watching internal/usecase
!exclude tmp
building...
running...
2026/04/19 00:01:13 connected to database: gadget-link.db
2026/04/19 00:01:13 Starting server on :8080
2026/04/19 00:01:20 "GET http://localhost:8080/api/v1/hello HTTP/1.1" from [::1]:58483 - 200 5B in 29.5µs
cmd/api/main.go has changed
building...
running...
2026/04/19 00:04:34 Starting server on :8080
cmd/api/main.go has changed
building...
running...
2026/04/19 00:08:23 Starting server on :8080
2026/04/19 00:08:36 "GET http://localhost:8080/api/v1/hello HTTP/1.1" from [::1]:58686 - 200 5B in 37.292µs
2026/04/19 00:08:52 "GET http://localhost:8080/api/v1/hello HTTP/1.1" from [::1]:58690 - 200 5B in 76.417µs
2026/04/19 00:09:30 "GET http://localhost:8080/api/v1/hello HTTP/1.1" from [::1]:58694 - 200 5B in 153.583µs
2026/04/19 00:09:31 "GET http://localhost:8080/api/v1/hello HTTP/1.1" from [::1]:58695 - 200 5B in 33.042µs
2026/04/19 00:15:24 "GET http://localhost:8080/api/v1/hello HTTP/1.1" from [::1]:58747 - 200 5B in 170.666µs
2026/04/19 00:17:40 "GET http://localhost:8080/api/v1/hello HTTP/1.1" from [::1]:58789 - 200 5B in 67.833µs
2026/04/19 00:18:16 Shutting down server...
2026/04/19 00:18:16 Server exiting
Process Exit with Code 0
